Qyits

Level 1 of the Dungeon
[Shop] Zuton's Assorted Antiques
  a potion of lignification (81 gold)
  an amulet of magic regeneration (810 gold)
  a potion of curing (81 gold)
  a staff of fire (675 gold)
  a scroll of noise (27 gold)
  a scroll of vulnerability (108 gold)
[Shop] Neyluinn's Distillery
  a potion of magic (88 gold)
  a potion of berserk rage (55 gold)
  a potion of degeneration (11 gold)
  a potion of enlightenment (55 gold)
  a potion of haste (110 gold)
  a potion of might (44 gold)
[Shop] Vuimoan's Book Emporium
  the Volume of Coordinates and Leadership (336 gold)
    Spells                            Type                      Level
     a - Apportation                   Translocation                 1
     b - Momentum Strike               Conjuration/Translocation     2
     c - Lesser Beckoning              Translocation                 2
     d - Summon Ice Beast              Ice/Summoning                 3
  a There-And-Back Book (420 gold)
  a book of the Tundra (420 gold)
  a book of Cantrips (224 gold)
  a There-And-Back Book (420 gold)
  a book of Party Tricks (308 gold)
  a book of Winter (476 gold)
  a book of Misfortune (476 gold)
  the Information on Congregated Misfortune (448 gold)
    Spells                            Type                      Level
     a - Tukima's Dance                Hexes                         3
     b - Summon Ice Beast              Ice/Summoning                 3
     c - Summon Hydra                  Summoning                     7
[Shop] Umogeusm's Jewellery Emporium
  a ring of willpower (275 gold)
  a +6 ring of strength (396 gold)
  a ring of willpower (275 gold)
  a +5 ring of evasion (396 gold)
  an amulet of faith (440 gold)
  a ring of fire (275 gold)
  the amulet "Detwifeek" {Reflect +Blink rF+ Int+3 SH+5} (630 gold)
    [amulet of reflection]
    
    Reflect:    It reflects blocked missile attacks.
    Int+3:      It affects your intelligence (+3).
    rF+:        It protects you from fire.
    +Blink:     It lets you blink.
    SH+5:       It affects your SH (+5).
[Shop] Nutzaism's Jewellery Emporium
  a ring of see invisible (195 gold)
  a ring of fire (325 gold)
  an amulet of regeneration (390 gold)
  a ring of see invisible (195 gold)
  a serpent talisman (390 gold)
  an amulet of faith (520 gold)
  a ring of flight (227 gold)
  a +4 ring of slaying (1014 gold)
  a +6 ring of dexterity (468 gold)
(0, 0, D:1)
  a +0 sling
(2, -23, D:1)
  a +0 ring mail
(16, -7, D:1)
  a book of Unlife
(18, 7, D:1)
  a +0 spear
(23, 0, D:1)
  a +0 leather armour
(32, -3, D:1)
  a +0 whip
(34, 13, D:1)
  a +0 whip
(35, -21, D:1)
  a +0 spear
(37, 9, D:1)
  a +0 chain mail
(45, 28, D:1)
  6 stones

Level 2 of the Dungeon
(0, 0, D:2)
  3 stones
(8, 3, D:2)
  a +0 robe
(37, 34, D:2)
  2 stones
(37, 43, D:2)
  4 stones
(42, 8, D:2)
  a +0 sling
(47, 46, D:2)
  a book of Conjurations
(48, 19, D:2)
  a +0 spear
(49, 23, D:2)
  a +0 dagger

Level 3 of the Dungeon
(0, 0, D:3)
  a +0 dagger
(1, -22, D:3)
  2 stones
(9, 6, D:3)
  a +0 dagger
(12, -6, D:3)
  an orb of energy
(18, -27, D:3)
  a book of Frost
(29, -12, D:3)
  a +0 scale mail
(45, -9, D:3)
  a +0 dagger
(55, -32, D:3)
  a +0 leather armour

Level 4 of the Dungeon
(0, 0, D:4)
  a +0 trident
(13, -1, D:4)
  a +0 hand axe
(13, 1, D:4)
  a +0 ring mail
(15, 2, D:4)
  a +0 mace
  a +0 scale mail
(16, -1, D:4)
  a hound skeleton
(16, 0, D:4)
  a +0 short sword
  a +0 leather armour
  an orc skeleton
(16, 2, D:4)
  a +0 dagger
  4 stones
  a kobold skeleton
(16, 3, D:4)
  a +0 club
  an iguana corpse
  an orc skeleton
(30, 12, D:4)
  a +0 whip
  a gnoll corpse
(31, 12, D:4)
  a +0 whip
  a gnoll corpse
(32, 11, D:4)
  a +0 whip
  a +0 ring mail
  a gnoll corpse
(32, 12, D:4)
  a +0 club
  a +0 chain mail
  an orc corpse
(34, 16, D:4)
  a javelin

