arnold

Level 1 of the Dungeon
(0, 0, D:1)
  2 boomerangs
(5, 19, D:1)
  a +0 club
(7, 5, D:1)
  a +0 short sword
  2 stones
(13, 11, D:1)
  a +0 robe
(15, 29, D:1)
  a +0 spear
(19, 26, D:1)
  a +0 dagger
(20, 11, D:1)
  4 poisoned darts
(29, 6, D:1)
  a staff of death
(36, 9, D:1)
  a +0 dagger
(36, 10, D:1)
  a +0 short sword
  4 stones
(37, 20, D:1)
  a +0 leather armour
(38, 27, D:1)
  4 stones
  a +0 short sword
(45, 11, D:1)
  a +0 club
  a +0 club
(51, 27, D:1)
  a +0 club

Level 2 of the Dungeon
(0, 0, D:2)
  a +0 long sword
(15, 4, D:2)
  a ball python corpse
(18, -9, D:2)
  a giant cockroach corpse
(23, -18, D:2)
  a +0 flail
  a gnoll corpse
(23, -17, D:2)
  a +0 whip
(25, -18, D:2)
  a +0 club
  a goblin corpse
(28, -17, D:2)
  a bat corpse
  a quokka corpse
(28, -1, D:2)
  a +0 robe
(29, 1, D:2)
  a hobgoblin corpse
(29, 3, D:2)
  an adder corpse
(30, 5, D:2)
  a +0 leather armour
(34, -17, D:2)
  a rat corpse
(34, -9, D:2)
  a ball python corpse
(35, -12, D:2)
  a frilled lizard corpse

